// Jest Snapshot v1, https://goo.gl/fbAQLP

exports[`App should render well 1`] = `
<div>
  Hello world
</div>
`;
